============================= test session starts =============================
platform win32 -- Python 3.13.7, pytest-7.4.3, pluggy-1.6.0 -- C:\Python313\python.exe
cachedir: .pytest_cache
rootdir: F:\KSML\KSML-V1-Task-1-
plugins: anyio-4.9.0, langsmith-0.4.42, cov-4.1.0
collecting ... collected 16 items

contract_tests/test_contract_v02.py::TestBackwardCompatibility::test_v01_examples_unchanged PASSED [  6%]
contract_tests/test_contract_v02.py::TestBackwardCompatibility::test_v01_error_codes_preserved PASSED [ 12%]
contract_tests/test_contract_v02.py::TestV02Features::test_v02_version_acceptance PASSED [ 18%]
contract_tests/test_contract_v02.py::TestV02Features::test_optional_metadata_fields FAILED [ 25%]
contract_tests/test_contract_v02.py::TestV02Features::test_extensions_block FAILED [ 31%]
contract_tests/test_contract_v02.py::TestV02Features::test_step_enhancements FAILED [ 37%]
contract_tests/test_contract_v02.py::TestSafetyProtections::test_document_size_limit PASSED [ 43%]
contract_tests/test_contract_v02.py::TestSafetyProtections::test_step_count_limit PASSED [ 50%]
contract_tests/test_contract_v02.py::TestSafetyProtections::test_malformed_extensions PASSED [ 56%]
contract_tests/test_contract_v02.py::TestVersionHandling::test_supported_versions PASSED [ 62%]
contract_tests/test_contract_v02.py::TestVersionHandling::test_unsupported_versions PASSED [ 68%]
contract_tests/test_contract_v02.py::TestDeterminism::test_same_input_same_output PASSED [ 75%]
contract_tests/test_contract_v02.py::TestDeterminism::test_error_determinism PASSED [ 81%]
contract_tests/test_contract_v02.py::TestSchemaEndpoints::test_default_schema_endpoint PASSED [ 87%]
contract_tests/test_contract_v02.py::TestSchemaEndpoints::test_versioned_schema_endpoints PASSED [ 93%]
contract_tests/test_contract_v02.py::TestSchemaEndpoints::test_schema_version_parameter PASSED [100%]

================================== FAILURES ===================================
________________ TestV02Features.test_optional_metadata_fields ________________

self = <test_contract_v02.TestV02Features object at 0x00000290B4FDA5D0>

    def test_optional_metadata_fields(self):
        """Test new optional metadata fields"""
        doc = {
            "ksml_version": "0.2.0",
            "metadata": {
                "id": "550e8400-e29b-41d4-a716-446655440000",
                "author": "Test",
                "title": "v0.2 Test",
                "created_at": "2024-01-01T00:00:00Z",
                "version": "1.0.0",
                "environment": "development",
                "dependencies": [
                    {"name": "test-dep", "version": "1.0.0", "source": "https://example.com"}
                ]
            },
            "configurations": {},
            "steps": [{"name": "test", "action": "test", "parameters": {}}]
        }
    
        response = client.post("/validate", json=doc)
        res = response.json()
    
>       assert res["valid"] is True
E       assert False is True

contract_tests\test_contract_v02.py:117: AssertionError
____________________ TestV02Features.test_extensions_block ____________________

self = <test_contract_v02.TestV02Features object at 0x00000290B4FCA2C0>

    def test_extensions_block(self):
        """Test extensions block functionality"""
        doc = {
            "ksml_version": "0.2.0",
            "metadata": {
                "id": "550e8400-e29b-41d4-a716-446655440000",
                "author": "Test",
                "title": "v0.2 Test",
                "created_at": "2024-01-01T00:00:00Z"
            },
            "configurations": {},
            "steps": [{"name": "test", "action": "test", "parameters": {}}],
            "extensions": {
                "capabilities": ["retry", "timeout"],
                "metadata_extensions": {
                    "schema_url": "https://example.com/schema",
                    "validation_mode": "strict"
                }
            }
        }
    
        response = client.post("/validate", json=doc)
        res = response.json()
    
>       assert res["valid"] is True
E       assert False is True

contract_tests\test_contract_v02.py:144: AssertionError
___________________ TestV02Features.test_step_enhancements ____________________

self = <test_contract_v02.TestV02Features object at 0x00000290B4FCA060>

    def test_step_enhancements(self):
        """Test new step-level features"""
        doc = {
            "ksml_version": "0.2.0",
            "metadata": {
                "id": "550e8400-e29b-41d4-a716-446655440000",
                "author": "Test",
                "title": "v0.2 Test",
                "created_at": "2024-01-01T00:00:00Z"
            },
            "configurations": {},
            "steps": [{
                "name": "enhanced_step",
                "action": "test",
                "parameters": {},
                "timeout_override": 120,
                "retry_policy": {
                    "max_attempts": 3,
                    "backoff_seconds": 5
                },
                "conditions": [
                    {"type": "run_if", "expression": "status == 'ready'"}
                ]
            }]
        }
    
        response = client.post("/validate", json=doc)
        res = response.json()
    
>       assert res["valid"] is True
E       assert False is True

contract_tests\test_contract_v02.py:176: AssertionError
=========================== short test summary info ===========================
FAILED contract_tests/test_contract_v02.py::TestV02Features::test_optional_metadata_fields
FAILED contract_tests/test_contract_v02.py::TestV02Features::test_extensions_block
FAILED contract_tests/test_contract_v02.py::TestV02Features::test_step_enhancements
======================== 3 failed, 13 passed in 1.42s =========================
